<area shape="rect" href="$HadrontherapyDetectorSD_8hh.html" title="/home/gillis/Desktop/github/hadrontherapy/include/HadrontherapyDetectorSD.hh" alt="" coords="908,84,1468,111">
<area shape="rect" href="$HadrontherapyDetectorSD_8cc.html" title="/home/gillis/Desktop/github/hadrontherapy/src/HadrontherapyDetectorSD.cc" alt="" coords="1080,162,1613,188">
<area shape="rect" href="$HadrontherapyEventAction_8cc.html" title="/home/gillis/Desktop/github/hadrontherapy/src/HadrontherapyEventAction.cc" alt="" coords="1637,162,2173,188">
<area shape="rect" href="$HadrontherapyDetectorHit_8cc.html" title="/home/gillis/Desktop/github/hadrontherapy/src/HadrontherapyDetectorHit.cc" alt="" coords="1593,84,2129,111">
<area shape="rect" href="$Hadrontherapy_8cc.html" title="/home/gillis/Desktop/github/hadrontherapy/Hadrontherapy.cc" alt="" coords="5,162,429,188">
<area shape="rect" href="$HadrontherapyDetectorConstruction_8cc.html" title="/home/gillis/Desktop/github/hadrontherapy/src/HadrontherapyDetectorConstruction.cc" alt="" coords="453,162,1056,188">
