<area shape="rect" href="$Hadrontherapy_8cc.html" title="/home/gillis/Desktop/github/hadrontherapy/Hadrontherapy.cc" alt="" coords="5,84,429,110">
<area shape="rect" href="$HadrontherapyAnalysisFileMessenger_8cc.html" title="/home/gillis/Desktop/github/hadrontherapy/src/HadrontherapyAnalysisFileMessenger.cc" alt="" coords="453,84,1053,110">
<area shape="rect" href="$HadrontherapyAnalysisManager_8cc.html" title="/home/gillis/Desktop/github/hadrontherapy/src/HadrontherapyAnalysisManager.cc" alt="" coords="1077,84,1637,110">
<area shape="rect" href="$HadrontherapyDetectorSD_8cc.html" title="/home/gillis/Desktop/github/hadrontherapy/src/HadrontherapyDetectorSD.cc" alt="" coords="1661,84,2195,110">
<area shape="rect" href="$HadrontherapyMatrix_8cc.html" title="/home/gillis/Desktop/github/hadrontherapy/src/HadrontherapyMatrix.cc" alt="" coords="2219,84,2712,110">
<area shape="rect" href="$HadrontherapySteppingAction_8cc.html" title="/home/gillis/Desktop/github/hadrontherapy/src/HadrontherapySteppingAction.cc" alt="" coords="2736,84,3288,110">
