<area shape="rect" href="$HadrontherapyEventAction_8hh.html" title="HadrontherapyEventAction.hh" alt="" coords="1047,84,1271,111">
<area shape="rect" href="$HadrontherapyDetectorConstruction_8hh.html" title="HadrontherapyDetectorConstruction.hh" alt="" coords="457,84,748,111">
<area shape="rect" href="$HadrontherapyPhysicsList_8hh.html" title="HadrontherapyPhysicsList.hh" alt="" coords="1623,84,1839,111">
<area shape="rect" href="$HadrontherapyDetectorSD_8hh.html" title="HadrontherapyDetectorSD.hh" alt="" coords="2663,84,2887,111">
<area shape="rect" href="$HadrontherapyPrimaryGeneratorAction_8hh.html" title="HadrontherapyPrimaryGeneratorAction.hh" alt="" coords="1295,84,1599,111">
<area shape="rect" href="$HadrontherapyRunAction_8hh.html" title="HadrontherapyRunAction.hh" alt="" coords="1913,84,2121,111">
<area shape="rect" href="$HadrontherapyMatrix_8hh.html" title="HadrontherapyMatrix.hh" alt="" coords="2145,84,2329,111">
<area shape="rect" href="$HadrontherapySteppingAction_8hh.html" title="HadrontherapySteppingAction.hh" alt="" coords="3079,84,3321,111">
<area shape="rect" href="$HadrontherapyAnalysisManager_8hh.html" title="HadrontherapyAnalysisManager.hh" alt="" coords="772,84,1023,111">
<area shape="rect" href="$HadrontherapyDetectorHit_8hh.html" title="HadrontherapyDetectorHit.hh" alt="" coords="2856,161,3080,188">
<area shape="rect" href="$HadrontherapyLet_8hh.html" title="HadrontherapyLet.hh" alt="" coords="2667,161,2832,188">
