<area shape="rect" href="$HadrontherapyRunAction_8hh.html" title="/home/gillis/Desktop/github/hadrontherapy/include/HadrontherapyRunAction.hh" alt="" coords="705,84,1252,111">
<area shape="rect" href="$HadrontherapyRunAction_8cc.html" title="/home/gillis/Desktop/github/hadrontherapy/src/HadrontherapyRunAction.cc" alt="" coords="1029,162,1549,188">
<area shape="rect" href="$HadrontherapySteppingAction_8cc.html" title="/home/gillis/Desktop/github/hadrontherapy/src/HadrontherapySteppingAction.cc" alt="" coords="5,162,557,188">
<area shape="rect" href="$HadrontherapySteppingAction_8hh.html" title="/home/gillis/Desktop/github/hadrontherapy/include/HadrontherapySteppingAction.hh" alt="" coords="103,84,681,111">
<area shape="rect" href="$HadrontherapyLet_8cc.html" title="/home/gillis/Desktop/github/hadrontherapy/src/HadrontherapyLet.cc" alt="" coords="1327,84,1801,111">
<area shape="rect" href="$HadrontherapyLetMessenger_8cc.html" title="/home/gillis/Desktop/github/hadrontherapy/src/HadrontherapyLetMessenger.cc" alt="" coords="1825,84,2372,111">
<area shape="rect" href="$Hadrontherapy_8cc.html" title="/home/gillis/Desktop/github/hadrontherapy/Hadrontherapy.cc" alt="" coords="581,162,1005,188">
